// Jest Snapshot v1, https://goo.gl/fbAQLP

exports[`Field 1`] = `
<View>
  <Text
    accessible={true}
    allowFontScaling={true}
    ellipsizeMode="tail"
    style={
      Object {
        "fontSize": 18,
      }
    }
  >
    label
  </Text>
  <TextInput
    onChangeText={[Function]}
    style={
      Object {
        "borderColor": "black",
        "borderWidth": 1,
        "height": 50,
      }
    }
    value="value"
  />
</View>
`;
